| test.c:93:5:93:15 | EP_copy_mem | test.c:93:29:93:33 | input | test.c:93:52:93:62 | input_types |
| test.c:97:5:97:16 | EP_print_val | test.c:97:30:97:34 | input | test.c:97:53:97:63 | input_types |
| test.c:101:5:101:23 | EP_write_val_to_mem | test.c:101:37:101:41 | input | test.c:101:60:101:70 | input_types |
