| test.c:30:10:30:17 | access to array | Access of dynamic input array. |
| test.c:30:28:30:35 | access to array | Access of dynamic input array. |
| test.c:31:10:31:17 | access to array | Access of dynamic input array. |
| test.c:36:10:36:17 | access to array | Access of dynamic input array. |
| test.c:36:28:36:35 | access to array | Access of dynamic input array. |
| test.c:37:10:37:17 | access to array | Access of dynamic input array. |
| test.c:43:10:43:17 | access to array | Access of dynamic input array. |
| test.c:43:28:43:35 | access to array | Access of dynamic input array. |
| test.c:44:10:44:17 | access to array | Access of dynamic input array. |
| test.c:48:12:48:19 | access to array | Access of dynamic input array. |
| test.c:48:30:48:37 | access to array | Access of dynamic input array. |
| test.c:49:12:49:19 | access to array | Access of dynamic input array. |
| test.c:56:10:56:17 | access to array | Access of dynamic input array. |
| test.c:56:28:56:35 | access to array | Access of dynamic input array. |
| test.c:57:10:57:17 | access to array | Access of dynamic input array. |
| test.c:65:18:65:25 | access to array | Access of dynamic input array. |
| test.c:66:18:66:25 | access to array | Access of dynamic input array. |
| test.c:70:16:70:23 | access to array | Access of dynamic input array. |
| test.c:71:16:71:23 | access to array | Access of dynamic input array. |
| test.c:77:12:77:19 | access to array | Access of dynamic input array. |
| test.c:77:31:77:38 | access to array | Access of dynamic input array. |
| test.c:78:19:78:26 | access to array | Access of dynamic input array. |
| test.c:82:10:82:17 | access to array | Access of dynamic input array. |
| test.c:82:29:82:36 | access to array | Access of dynamic input array. |
| test.c:83:17:83:24 | access to array | Access of dynamic input array. |
